// Jest Snapshot v1, https://goo.gl/fbAQLP

exports[`renders vet specialization chart with data 1`] = `
<DocumentFragment>
  <section>
    <div>
      <h5
        class="mb-4 mt-4 chart-title"
      >
        Veterinarians by Specializations
      </h5>
      <div
        data-testid="bar-chart"
      >
        <div />
        <div />
        <div />
        <div />
        <div>
          <div />
        </div>
      </div>
    </div>
  </section>
</DocumentFragment>
`;
