// Jest Snapshot v1, https://goo.gl/fbAQLP

exports[`submits email and shows success 1`] = `
<DocumentFragment>
  <div
    class="d-flex align-items-center justify-content-center container"
    style="margin-top: 100px;"
  >
    <div
      class="w-100 card"
      style="max-width: 600px;"
    >
      <div
        class="card-body"
      >
        <div
          class="card-title h5"
        >
          Password Reset Request
        </div>
        <form
          class=""
        >
          <div
            classnane="mb-3"
          >
            <label
              class="form-label"
              for="email"
            >
              Enter your email address
            </label>
            <input
              class="form-control"
              id="email"
              placeholder="Enter email"
              type="email"
              value=""
            />
            <small
              class="text-muted form-text"
            >
              We'll send a password reset link to your email.
            </small>
          </div>
          <button
            class="mt-2 btn btn-outline-info"
            type="submit"
          >
            Send Link
          </button>
        </form>
      </div>
    </div>
  </div>
</DocumentFragment>
`;
