// Jest Snapshot v1, https://goo.gl/fbAQLP

exports[`displays error message when provided 1`] = `
<DocumentFragment>
  <div
    class="text-center mt-5"
  >
    <h5>
      No items available at the moment
    </h5>
    <p
      class="text-danger"
    >
      oops
    </p>
  </div>
</DocumentFragment>
`;
